// Jest Snapshot v1, https://goo.gl/fbAQLP

exports[`remark-deflist should parse a basic definition list + bold 1`] = `"<p><dl><dt>Term 1</dt><dd>Definition <strong>1</strong></dd></dl></p>"`;

exports[`remark-deflist should parse a basic definition list 1`] = `"<p><dl><dt>Term 1</dt><dd>Definition 1</dd></dl></p>"`;
